# --------------------------------------------------- // System
downgrade                                            # downgrade packages
# trash-cli-git                                        # cli to manage trash files
libinput-gestures                                    # actions touchpad gestures using libinput
gestures                                             # gui for libinput-gestures
wttrbar                                                # for weather
python-requests|wttrbar                                # script dependency
ddcui                                                  # GUI to control brightness for external monitors
# hyprgui-bin                                          # GUI for hyprland configuration // might mess your userprefs but convenient // Just disappeared
power-profiles-daemon                                # for managing power profiles from waybar

# --------------------------------------------------- // Shell


# --------------------------------------------------- // Misc
xdg-desktop-portal-gtk                                 # xdg desktop portal using gtk
wf-recorder                                          # Screen recorder for wlroots-based compositors such as sway
emote                                                # emoji picker gtk3
# wl-screenrec                                         # High performance hardware accelerated wlroots screen recorder // NO support for NVIDIA

# --------------------------------------------------- // Gaming
steam                                                  # gaming platform
gamemode                                               # daemon and library for game optimizations
mangohud                                               # system performance overlay
gamescope                                            # micro-compositor for gaming
lutris                                               # Lutris is an open source gaming platform for Linux

# --------------------------------------------------- // Music
cava                                                   # audio visualizer
spotify-launcher                                       # proprietary music streaming service
pywal-spicetify                                        # cli to customize spotify client
spicetify-themes-git

# --------------------------------------------------- // Apps
# neovim                                               # vim based text editor

# --------------------------------------------------- // Shell
# --------------------------------------------------- // zsh
oh-my-zsh-git|zsh                                      # Optional plugin manager for zsh
# pokemon-colorscripts-git|zsh                           # display pokemon sprites (optional)
# pokego-bin|zsh                                         # display pokemon sprites in terminal (written GO)
zsh-theme-powerlevel10k-git|zsh                        # Powerlevel10k is a theme for Zsh. It emphasizes speed, flexibility and out-of-the-box experience.
bat|zsh                                                  # enhanced version of cat
eza|zsh                                                  # file lister for zsh
duf|zsh                                                  # prettier version of df for zsh


# --------------------------------------------------- // Editor
# vscodium                                              # Full oss text editor
# vscodium-marketplace|vscodium                         # VSCodium marketplace
# code-marketplace|code                                 # Code-Oss marketplace
# visual-studio-code-bin                                # MS  text editor

# --------------------------------------------------- // Backends
electron                                              # electron backend

# --------------------------------------------------- // Lockscreen
swaylock-effects-git                                   # swaylock with effects // very minimal lockscreen

# --------------------------------------------------- // OSD
swayosd-git                                             #A GTK based on screen display for keyboard shortcuts like caps-lock and volume

# --------------------------------------------------- // Extra
vesktop
bolt-launcher
megasync-bin
cronie
obsidian-bin
less
tree
man-db
kate
jre-openjdk
gimp
swaync
mpv
ly
pavucontrol-qt
kwalletmanager
nordvpn-bin
nordvpn-gui
qbittorrent
kdeconnect
gvfs
gvfs-smb
zip
ouch
yazi
neovim
